ifort -O3 -fpp -qopenmp -coarray=distributed -mcmodel=large -coarray-config-file=cafconfig.txt -c -DPID parameters.f90 -o parameters.o -I/opt/intel2018update3/mkl/include/fftw -mkl
ifort -O3 -fpp -qopenmp -coarray=distributed -mcmodel=large -coarray-config-file=cafconfig.txt -c -DPID variables.f90 -o variables.o -I/opt/intel2018update3/mkl/include/fftw -mkl
ifort -O3 -fpp -qopenmp -coarray=distributed -mcmodel=large -coarray-config-file=cafconfig.txt -c -DPID Green/Green.f90
ifort -O3 -fpp -qopenmp -coarray=distributed -mcmodel=large -coarray-config-file=cafconfig.txt -c -DPID pencil_fft.f90 -o pencil_fft.o -I/opt/intel2018update3/mkl/include/fftw -mkl
ifort -O3 -fpp -qopenmp -coarray=distributed -mcmodel=large -coarray-config-file=cafconfig.txt -c -DPID cubefft.f90 -o cubefft.o -I/opt/intel2018update3/mkl/include/fftw -mkl
ifort -O3 -fpp -qopenmp -coarray=distributed -mcmodel=large -coarray-config-file=cafconfig.txt -c -DPID pencil_fft_global.f90 -o pencil_fft_global.o -I/opt/intel2018update3/mkl/include/fftw -mkl
ifort -O3 -fpp -qopenmp -coarray=distributed -mcmodel=large -coarray-config-file=cafconfig.txt -c -DPID neutrinos/cicpower_segment.f90 -o cicpower_segment.o -I/opt/intel2018update3/mkl/include/fftw -mkl
ifort -O3 -fpp -qopenmp -coarray=distributed -mcmodel=large -coarray-config-file=cafconfig.txt -c -DPID neutrinos/power_nu.f90 -o power_nu.o -I/opt/intel2018update3/mkl/include/fftw -mkl
ifort -O3 -fpp -qopenmp -coarray=distributed -mcmodel=large -coarray-config-file=cafconfig.txt -c -DPID particle_mesh.f90 -o particle_mesh.o -I/opt/intel2018update3/mkl/include/fftw -mkl
ifort -O3 -fpp -qopenmp -coarray=distributed -mcmodel=large -coarray-config-file=cafconfig.txt -c -DPID buffer_grid.f90 -o buffer_grid.o -I/opt/intel2018update3/mkl/include/fftw -mkl
ifort -O3 -fpp -qopenmp -coarray=distributed -mcmodel=large -coarray-config-file=cafconfig.txt -c -DPID buffer_particle.f90 -o buffer_particle.o -I/opt/intel2018update3/mkl/include/fftw -mkl
ifort -O3 -fpp -qopenmp -coarray=distributed -mcmodel=large -coarray-config-file=cafconfig.txt -c -DPID checkpoint.f90 -o checkpoint.o -I/opt/intel2018update3/mkl/include/fftw -mkl
ifort -O3 -fpp -qopenmp -coarray=distributed -mcmodel=large -coarray-config-file=cafconfig.txt -c -DPID timestep.f90 -o timestep.o -I/opt/intel2018update3/mkl/include/fftw -mkl
ifort -O3 -fpp -qopenmp -coarray=distributed -mcmodel=large -coarray-config-file=cafconfig.txt -c -DPID kick.f90 -o kick.o -I/opt/intel2018update3/mkl/include/fftw -mkl
ifort -O3 -fpp -qopenmp -coarray=distributed -mcmodel=large -coarray-config-file=cafconfig.txt -c -DPID drift.f90 -o drift.o -I/opt/intel2018update3/mkl/include/fftw -mkl
ifort -O3 -fpp -qopenmp -coarray=distributed -mcmodel=large -coarray-config-file=cafconfig.txt -c -DPID particle_initialization.f90 -o particle_initialization.o -I/opt/intel2018update3/mkl/include/fftw -mkl
ifort -O3 -fpp -qopenmp -coarray=distributed -mcmodel=large -coarray-config-file=cafconfig.txt -c -DPID initialize.f90 -o initialize.o -I/opt/intel2018update3/mkl/include/fftw -mkl
ifort -O3 -fpp -qopenmp -coarray=distributed -mcmodel=large -coarray-config-file=cafconfig.txt -c -DPID finalize.f90 -o finalize.o -I/opt/intel2018update3/mkl/include/fftw -mkl
